C51 COMPILER V9.60.7.0   TIMER                                                             03/04/2024 20:45:47 PAGE 1   


C51 COMPILER V9.60.7.0, COMPILATION OF MODULE TIMER
OBJECT MODULE PLACED IN .\Objects\Timer.obj
COMPILER INVOKED BY: E:\keil\Keil_v5_c51\C51\BIN\C51.EXE Timer.c LARGE OPTIMIZE(8,SPEED) BROWSE DEBUG OBJECTEXTEND PRINT
                    -(.\Listings\Timer.lst) TABS(2) OBJECT(.\Objects\Timer.obj)

line level    source

   1          #include "allh.h"
   2          unsigned int Time_1ms=0;
   3          unsigned int Time_1s=0;
   4          
   5          void Timer0Init()
   6          {
   7   1        TMOD|=0X01;//选择为定时器0模式，工作方式1，仅用TR0打开启动。
   8   1        
   9   1        TL0=T1MS; 
  10   1        TH0=T1MS>>8;  //给定时器赋初值，定时1ms
  11   1        
  12   1        ET0=1;//打开定时器0中断允许
  13   1        EA=1;//打开总中断
  14   1        TR0=1;//打开定时器      
  15   1      }
  16          
  17          void Timer0() interrupt 1
  18          {
  19   1        TL0=T1MS; 
  20   1        TH0=T1MS>>8;  //给定时器赋初值，定时1ms
  21   1        Time_1ms++;
  22   1        if(Time_1ms>=1000||temp>30)
*** ERROR C202 IN LINE 22 OF Timer.c: 'temp': undefined identifier
  23   1        {
  24   2          Time_1ms=0;
  25   2          Time_1s++;
  26   2        }
  27   1      }

C51 COMPILATION COMPLETE.  0 WARNING(S),  1 ERROR(S)
