C51 COMPILER V9.60.7.0   XPT2046                                                           04/18/2024 00:04:46 PAGE 1   


C51 COMPILER V9.60.7.0, COMPILATION OF MODULE XPT2046
OBJECT MODULE PLACED IN .\Objects\XPT2046.obj
COMPILER INVOKED BY: E:\keil\Keil_v5_c51\C51\BIN\C51.EXE XPT2046.c LARGE OPTIMIZE(8,SPEED) BROWSE DEBUG OBJECTEXTEND PRI
                    -NT(.\Listings\XPT2046.lst) TABS(2) OBJECT(.\Objects\XPT2046.obj)

line level    source

   1          /*********************************************************************************
   2          * 【网    站】： http://www.qxmcu.com/ 
   3          * 【淘宝店铺】： http://qxmcu.taobao.com/
   4          * 【实验平台】： 清翔 QX-MCS51 单片机开发板
   5          * 【外部晶振】：   11.0592mhz  
   6          * 【主控芯片】：   STC89C52
   7          * 【编译环境】：   Keil μVisio4 
   8          ********************************************************************************/
   9          #include <reg52.h>
  10          #include <intrins.h>
  11          #include "allh.h"
  12          
  13          #define MAIN_Fosc   11059200UL  //宏定义主时钟HZ
  14          
  15          sbit CS = P3^7;
  16          sbit DCLK = P2^1;
  17          sbit DIN =  P2^0;
  18          sbit DOUT = P2^5;
  19          /*====================================
  20          使用typedef给已有数据类型取别名
  21          ====================================*/
  22          typedef unsigned char uchar;
  23          typedef unsigned int uint;
  24          
  25          //通道0光敏cmd：0x94  通道1热敏cmd：0xd4  通道2电位器cmd：0xa4 通道3外部输入AIN3 cmd
             -：0xe4
  26          
  27          /*====================================
  28          函数  ：SPI_Write(uchar DAT)
  29          参数  ：DAT需要发送的数据
  30          返回值 ：无
  31          描述  ：发送一个字节数据
  32          ====================================*/
  33          void SPI_Write(uchar DAT)
  34          {
  35   1        uchar i; 
  36   1        for(i=0; i<8; i++) //分别写8次，每次写1位
  37   1        {
  38   2          DCLK = 0;//拉低时钟总线，允许DIN变化
  39   2          if(DAT & 0x80)//先写数据最高位
  40   2            DIN = 1;  //写1
  41   2          else
  42   2            DIN = 0;  //写0
  43   2          DCLK = 1;   //拉高时钟，让从机读DIN
  44   2          DAT <<= 1;    //为发送下一位左移1位
  45   2        }
  46   1      }
  47          /*====================================
  48          函数  ：ReadByte()
  49          参数  ：无
  50          返回值 ：返回读出的数据
  51          描述  ：
  52          ====================================*/
  53          uint SPI_Read()
C51 COMPILER V9.60.7.0   XPT2046                                                           04/18/2024 00:04:46 PAGE 2   

  54          {
  55   1        uchar i; 
  56   1        uint DAT;
  57   1        for(i=0; i<12; i++)//分别读12次，每次读一位
  58   1        {
  59   2          DAT <<= 1; //数据左移1位，准备接收一位
  60   2          DCLK = 1;   //拉高时钟总线，读取SDA上的数据
  61   2          DCLK = 0;   //拉低时钟总线，允许从机控制SDA变化
  62   2          if(DOUT)
  63   2            DAT |= 0X01;//为1则写1，否则不行执行写1，通过左移补0
  64   2        }
  65   1        return(DAT); //返回读出的数据
  66   1      }
  67          
  68          /*====================================
  69          函数  ：PCF8591Read(uchar cmd)
  70          参数  ：cmd XPT2046控制字节
  71          返回值 ：AD转出的数字量
  72          描述  ：读指定通道的输入的模拟量专为数字量
  73          ====================================*/
  74          uint ReadAD(uchar cmd)
  75          {
  76   1        uint DAT;
  77   1        CS = 0;
  78   1        SPI_Write(cmd);
  79   1        DCLK = 0;   //拉低时钟总线
  80   1        _nop_();
  81   1        _nop_();
  82   1        _nop_();
  83   1        _nop_();
  84   1        _nop_();
  85   1        DAT = SPI_Read();
  86   1        CS = 1;
  87   1        return(DAT);//返回读出数据
  88   1            
  89   1      }


MODULE INFORMATION:   STATIC OVERLAYABLE
   CODE SIZE        =     74    ----
   CONSTANT SIZE    =   ----    ----
   XDATA SIZE       =   ----    ----
   PDATA SIZE       =   ----    ----
   DATA SIZE        =   ----    ----
   IDATA SIZE       =   ----    ----
   BIT SIZE         =   ----    ----
END OF MODULE INFORMATION.


C51 COMPILATION COMPLETE.  0 WARNING(S),  0 ERROR(S)
